// Jest Snapshot v1, https://goo.gl/fbAQLP

exports[`Card matches a snapshot 1`] = `
<div
  className="Card"
>
  <h3>
     
     
  </h3>
</div>
`;
